"val1","val2","sample1.csv"
"val3","val4","sample1.csv"
