"val1","val2","file1.csv"
"val3","val4","file1.csv"
