"val1","val2","file2.csv"
"val3","val4","file2.csv"
